// Jest Snapshot v1, https://goo.gl/fbAQLP

exports[`PlaceOrderAndPayButton matches snapshot 1`] = `
<button
  className="buttonWrapper style-primary-dark size-base placeOrderAndPayButton"
  disabled={false}
  onClick={[Function]}
  type="button"
/>
`;
